TMS320C54x Assembler PC v4.2.0 Tue Aug 06 15:20:16 2013

Tools Copyright (c) 1996-2008 Texas Instruments Incorporated
int_table.abs                                                        PAGE    1

      45 000000                 .text
      46                        .copy       "int_table.asm"
 A     1              ;
 A     2              ;       Interrupt Vectors, RAM Page 1
 A     3              ;
 A     4              
 A     5 000080               .sect   .vectors
 A     6                      .ref    ago_main, int_nmi
 A     7              ;       .label  _int_vect_start
 A     8                      
 A     9 000080       int_table:
 A    10 000080 F073          b       ago_main                ; Reset/SINTR 0
         000081 0451!
 A    11 000082 F495          nop
 A    12 000083 F495          nop
 A    13              ;
 A    14 000084 F073          b       int_nmi                 ; NMI/SINT16 1
         000085 05DA!
 A    15 000086 F495          nop
 A    16 000087 F495          nop
 A    17              ;
 A    18 000088 F073          b       ago_main                ; SINT17 2
         000089 0451!
 A    19 00008a F495          nop
 A    20 00008b F495          nop
 A    21              ;
 A    22 00008c F073          b       ago_main                ; SINT18 3
         00008d 0451!
 A    23 00008e F495          nop
 A    24 00008f F495          nop
 A    25              ;
 A    26 000090 F073          b       ago_main                ; SINT19 4
         000091 0451!
 A    27 000092 F495          nop
 A    28 000093 F495          nop
 A    29              ;
 A    30 000094 F073          b       ago_main                ; SINT20 5
         000095 0451!
 A    31 000096 F495          nop
 A    32 000097 F495          nop
 A    33              ;
 A    34 000098 F073          b       ago_main                ; SINT21 6
         000099 0451!
 A    35 00009a F495          nop
 A    36 00009b F495          nop
 A    37              ;
 A    38 00009c F073          b       ago_main                ; SINT22 7
         00009d 0451!
 A    39 00009e F495          nop
 A    40 00009f F495          nop
 A    41              ;
 A    42 0000a0 F073          b       ago_main                ; SINT23 8
         0000a1 0451!
 A    43 0000a2 F495          nop
 A    44 0000a3 F495          nop
TMS320C54x Assembler PC v4.2.0 Tue Aug 06 15:20:16 2013

Tools Copyright (c) 1996-2008 Texas Instruments Incorporated
int_table.abs                                                        PAGE    2

 A    45              ;
 A    46 0000a4 F073          b       ago_main                ; SINT24 9
         0000a5 0451!
 A    47 0000a6 F495          nop
 A    48 0000a7 F495          nop
 A    49              ;
 A    50 0000a8 F073          b       ago_main                ; SINT25 10
         0000a9 0451!
 A    51 0000aa F495          nop
 A    52 0000ab F495          nop
 A    53              ;
 A    54 0000ac F073          b       ago_main                ; SINT26 11
         0000ad 0451!
 A    55 0000ae F495          nop
 A    56 0000af F495          nop
 A    57              ;
 A    58 0000b0 F073          b       ago_main                ; SINT27 12
         0000b1 0451!
 A    59 0000b2 F495          nop
 A    60 0000b3 F495          nop
 A    61              ;
 A    62 0000b4 F073          b       ago_main                ; SINT28 13
         0000b5 0451!
 A    63 0000b6 F495          nop
 A    64 0000b7 F495          nop
 A    65              ;
 A    66 0000b8 F073          b       ago_main                ; SINT29 14
         0000b9 0451!
 A    67 0000ba F495          nop
 A    68 0000bb F495          nop
 A    69              ;
 A    70 0000bc F073          b       ago_main                ; SINT30 15
         0000bd 0451!
 A    71 0000be F495          nop
 A    72 0000bf F495          nop
 A    73              ;
 A    74 0000c0 F073          b       ago_main                ; INT0/SINT0 16
         0000c1 0451!
 A    75 0000c2 F495          nop
 A    76 0000c3 F495          nop
 A    77              ;
 A    78 0000c4 F073          b       ago_main                ; INT1/SINT1 17
         0000c5 0451!
 A    79 0000c6 F495          nop
 A    80 0000c7 F495          nop
 A    81              ;
 A    82 0000c8 F073          b       ago_main                ; INT2/SINT2 18
         0000c9 0451!
 A    83 0000ca F495          nop
 A    84 0000cb F495          nop
 A    85              ;
 A    86 0000cc F073          b       ago_main                ; TINT/SINT3 19 (just returns)
         0000cd 0451!
 A    87              ;       b       minor_int       ; Test code with timer
 A    88 0000ce F495          nop
TMS320C54x Assembler PC v4.2.0 Tue Aug 06 15:20:16 2013

Tools Copyright (c) 1996-2008 Texas Instruments Incorporated
int_table.abs                                                        PAGE    3

 A    89 0000cf F495          nop
 A    90              ;
 A    91 0000d0 F073          b       ago_main                ; BRINT0/SINT4 20
         0000d1 0451!
 A    92 0000d2 F495          nop
 A    93 0000d3 F495          nop
 A    94              ;
 A    95 0000d4 F073          b       ago_main                ; BXINT0/SINT5 21
         0000d5 0451!
 A    96 0000d6 F495          nop
 A    97 0000d7 F495          nop
 A    98              ;
 A    99 0000d8 F073          b       ago_main                ; TRINT0/SINT6 22
         0000d9 0451!
 A   100 0000da F495          nop
 A   101 0000db F495          nop
 A   102              ;
 A   103 0000dc F073          b       ago_main                ; TXINT0/SINT7 23
         0000dd 0451!
 A   104 0000de F495          nop
 A   105 0000df F495          nop
 A   106              ;
 A   107 0000e0 F073          b       ago_main                ; INT3/SINT8 24
         0000e1 0451!
 A   108 0000e2 F495          nop
 A   109 0000e3 F495          nop
 A   110              ;
 A   111 0000e4 F073          b       ago_main                ; HPINT/SINT9 25
         0000e5 0451!
 A   112 0000e6 F495          nop
 A   113 0000e7 F495          nop
 A   114              ;               
 A   115 0000e8 F073          b       ago_main                ; Reserved vector 26
         0000e9 0451!
 A   116 0000ea F495          nop
 A   117 0000eb F495          nop
 A   118              ;               
 A   119 0000ec F073          b       ago_main                ; Reserved vector 27
         0000ed 0451!
 A   120 0000ee F495          nop
 A   121 0000ef F495          nop
 A   122              ;               
 A   123 0000f0 F073          b       ago_main                ; Reserved vector 28
         0000f1 0451!
 A   124 0000f2 F495          nop
 A   125 0000f3 F495          nop
 A   126              ;               
 A   127 0000f4 F073          b       ago_main                ; Reserved vector 29
         0000f5 0451!
 A   128 0000f6 F495          nop
 A   129 0000f7 F495          nop
 A   130              ;               
 A   131 0000f8 F073          b       ago_main                ; Reserved vector 30
         0000f9 0451!
 A   132 0000fa F495          nop
TMS320C54x Assembler PC v4.2.0 Tue Aug 06 15:20:16 2013

Tools Copyright (c) 1996-2008 Texas Instruments Incorporated
int_table.abs                                                        PAGE    4

 A   133 0000fb F495          nop
 A   134              ;               
 A   135 0000fc F073          b       ago_main                ; Reserved vector 31
         0000fd 0451!
 A   136 0000fe F495          nop
 A   137 0000ff F495          nop
 A   138              
 A   139                      .label  _int_vect_end

No Assembly Errors, No Assembly Warnings
TMS320C54x Assembler PC v4.2.0 Tue Aug 06 15:20:16 2013

Tools Copyright (c) 1996-2008 Texas Instruments Incorporated
int_table.abs                                                        PAGE    5

LABEL                                VALUE       DEFN    REF

.TMS320C540                         000000          0 
.TMS320C541                         000000          0 
.TMS320C541A                        000000          0 
.TMS320C542                         000001          0 
.TMS320C543                         000000          0 
.TMS320C544                         000000          0 
.TMS320C545                         000000          0 
.TMS320C545LP                       000000          0 
.TMS320C546                         000000          0 
.TMS320C546LP                       000000          0 
.TMS320C548                         000000          0 
.TMS320C549                         000000          0 
__TI_ASSEMBLER_VERSION__            3d10d0          0 
__far_mode                          000000          0 
__lflags                            000000          0 
__no_fret                           000000          0 
__stores_bug                        000000          0 
_int_vect_end                       000000+     A 139 
ago_main                               REF             A   6  A  10  A  18  A  22 
                                                       A  26  A  30  A  34  A  38 
                                                       A  42  A  46  A  50  A  54 
                                                       A  58  A  62  A  66  A  70 
                                                       A  74  A  78  A  82  A  86 
                                                       A  91  A  95  A  99  A 103 
                                                       A 107  A 111  A 115  A 119 
                                                       A 123  A 127  A 131  A 135 
int_nmi                                REF             A   6  A  14 
int_table                           000080+     A   9 
