******************************************************************************
              TMS320C54x Linker PC v4.2.0                      
******************************************************************************
>> Linked Fri Aug 10 16:12:04 2012

OUTPUT FILE NAME:   <ago_v0.3.out>
ENTRY POINT SYMBOL: "RXDSP_START"  address: 00001043


MEMORY CONFIGURATION

         name            origin    length      used     unused   attr    fill
----------------------  --------  ---------  --------  --------  ----  --------
PAGE 0:
  INTR_TABLE            00000080   00000080  00000080  00000000  RW X
  PROG_ANNEX            00000180   00000680  00000674  0000000c  R IX
  PROG_MAIN             00000c00   00001200  00000f0d  000002f3  R IX

PAGE 1:
  STACK                 00000100   00000040  00000040  00000000  RW  
  TEMP_DATA             00000140   00000040  00000008  00000038  RW  
  SBUFFER               00000800   00000400  000000d4  0000032c  RW  
  SCALES                00001e00   00000200  00000200  00000000  RW  
  DATA                  00002000   00000800  00000800  00000000  RW  


SECTION ALLOCATION MAP

 output                                  attributes/
section   page    origin      length       input sections
--------  ----  ----------  ----------   ----------------
.vectors   0    00000080    00000080     
                  00000080    00000080     int_table.obj (.vectors)

.bl549     0    00000180    0000004d     
                  00000180    0000004d     bl549.obj (.bl549)

.sine_tab 
*          0    000001ce    000005ea     
                  000001ce    000005ea     c512.obj (.sine_tab)

.cbrev_p   0    000007b8    0000003d     
                  000007b8    0000003d     Cbrev32.obj (.cbrev_p)

.ad6620    0    00000c00    0000043b     
                  00000c00    0000043b     ad6620.obj (.ad6620)

.text      0    0000103b    0000042e     
                  0000103b    000002dc     ago_v0.3.obj (.text)
                  00001317    00000152     cfft_32.obj (.text)

.hann_tab 
*          0    00001469    00000400     
                  00001469    00000400     hann_q15.obj (.hann_tab)

.cfft_p    0    00001869    000000bd     
                  00001869    000000bd     c512.obj (.cfft_p)

.transfer_p 
*          0    00001926    0000008b     
                  00001926    0000008b     tableaverage.obj (.transfer_p)

.scale_p   0    000019b1    00000087     
                  000019b1    00000087     scale.obj (.scale_p)

.log10_p   0    00001a38    0000005e     
                  00001a38    0000005e     log_10.obj (.log10_p)

.dpsm_p    0    00001a96    00000030     
                  00001a96    00000030     dpsm.obj (.dpsm_p)

.sercook_p 
*          0    00001ac6    00000025     
                  00001ac6    00000025     sercook.obj (.sercook_p)

.hann_p    0    00001aeb    00000022     
                  00001aeb    00000022     hannwin.obj (.hann_p)

.stack_v   1    00000100    00000040     UNINITIALIZED
                  00000100    00000040     ago_v0.3.obj (.stack_v)

.bss       1    00000140    00000008     UNINITIALIZED
                  00000140    00000004     cfft_32.obj (.bss)
                  00000144    00000002     ago_v0.3.obj (.bss)
                  00000146    00000002     tableaverage.obj (.bss)

.sbuff_v   1    00000800    000000d4     UNINITIALIZED
                  00000800    000000d4     ago_v0.3.obj (.sbuff_v)

.scale_v   1    00001e00    00000200     UNINITIALIZED
                  00001e00    00000200     ago_v0.3.obj (.scale_v)

.data_v    1    00002000    00000800     UNINITIALIZED
                  00002000    00000800     ago_v0.3.obj (.data_v)


GLOBAL SYMBOLS: SORTED ALPHABETICALLY BY Name 

address    name
--------   ----
00000140   .bss
0000103b   .text
00000180   BOOTLOAD_START
00001043   RXDSP_START
00000140   Tempdw1
00000142   Tempdw2
ffffffff   ___binit__
00000140   ___bss__
ffffffff   ___c_args__
ffffffff   ___cinit__
00000148   ___end__
00001469   ___etext__
ffffffff   ___pinit__
0000103b   ___text__
00000000   __lflags
000007b8   _cbrev32
00001869   _cfft32_512
00001a12   _descale
00001469   _hann_table
00001aeb   _hann_window
00001a38   _log_10
000019ea   _log_prescale
00001ac6   _serial_cook
00001a96   _sqmag
000019b1   _sqmag_prescale
000011e9   abu_fill_start
000011de   abu_first_half
00001043   ago_main
ffffffff   binit
000001b0   blskipskip
000011c5   bridge_data
000010a6   buff_init_loop
ffffffff   cinit
0000119f   dp_end
000011ae   dummy_data
00000148   end
0000122a   end_transfer
000001c7   endboot
00001469   etext
00001432   fftButterfly
00001317   fftStage1and2
00001381   fftStage3
000013ef   fftStageX
000012ac   hwrite
0000126c   int_nmi
000010c3   major_loop
000019e0   norm_ovm
0000018b   par08_1
ffffffff   pinit
00001187   post_descale
00001246   post_sleep
000011f5   post_sync_write
0000114d   pre_abs
00001118   pre_bit_rev
00001179   pre_descale
000010e0   pre_disc
00001123   pre_fft
0000116e   pre_log
00001160   pre_logps
0000112b   pre_move
000010f6   pre_read
0000123e   pre_sleep
0000115a   pre_sqmag
0000113f   pre_sqscale
00001112   pre_window
00001227   rawdata_loop
00000c1c   rsp_clear
00000c07   rsp_init
00000c0e   rsp_mstart
00000c00   rsp_reset
00000c15   rsp_sstart
0000122b   serial_transfer_end
00001926   transfer
00000068   transfer_table_sz
000001c5   xfr08


GLOBAL SYMBOLS: SORTED BY Symbol Address 

address    name
--------   ----
00000000   __lflags
00000068   transfer_table_sz
00000140   .bss
00000140   Tempdw1
00000140   ___bss__
00000142   Tempdw2
00000148   ___end__
00000148   end
00000180   BOOTLOAD_START
0000018b   par08_1
000001b0   blskipskip
000001c5   xfr08
000001c7   endboot
000007b8   _cbrev32
00000c00   rsp_reset
00000c07   rsp_init
00000c0e   rsp_mstart
00000c15   rsp_sstart
00000c1c   rsp_clear
0000103b   .text
0000103b   ___text__
00001043   RXDSP_START
00001043   ago_main
000010a6   buff_init_loop
000010c3   major_loop
000010e0   pre_disc
000010f6   pre_read
00001112   pre_window
00001118   pre_bit_rev
00001123   pre_fft
0000112b   pre_move
0000113f   pre_sqscale
0000114d   pre_abs
0000115a   pre_sqmag
00001160   pre_logps
0000116e   pre_log
00001179   pre_descale
00001187   post_descale
0000119f   dp_end
000011ae   dummy_data
000011c5   bridge_data
000011de   abu_first_half
000011e9   abu_fill_start
000011f5   post_sync_write
00001227   rawdata_loop
0000122a   end_transfer
0000122b   serial_transfer_end
0000123e   pre_sleep
00001246   post_sleep
0000126c   int_nmi
000012ac   hwrite
00001317   fftStage1and2
00001381   fftStage3
000013ef   fftStageX
00001432   fftButterfly
00001469   ___etext__
00001469   _hann_table
00001469   etext
00001869   _cfft32_512
00001926   transfer
000019b1   _sqmag_prescale
000019e0   norm_ovm
000019ea   _log_prescale
00001a12   _descale
00001a38   _log_10
00001a96   _sqmag
00001ac6   _serial_cook
00001aeb   _hann_window
ffffffff   ___binit__
ffffffff   ___c_args__
ffffffff   ___cinit__
ffffffff   ___pinit__
ffffffff   binit
ffffffff   cinit
ffffffff   pinit

[75 symbols]
