******************************************************************************
              TMS320C54x Linker PC v4.2.0                      
******************************************************************************
>> Linked Thu Jun 28 19:13:36 2012

OUTPUT FILE NAME:   <ago_v0.out>
ENTRY POINT SYMBOL: "RXDSP_START"  address: 00001436


MEMORY CONFIGURATION

         name            origin    length      used     unused   attr    fill
----------------------  --------  ---------  --------  --------  ----  --------
PAGE 0:
  INTR_TABLE            00000080   00000080  00000080  00000000  RW X
  PROG_ANNEX            00000180   00000680  00000674  0000000c  R IX
  PROG_MAIN             00000c00   00001200  00000e2f  000003d1  R IX

PAGE 1:
  STACK                 00000100   00000040  00000040  00000000  RW  
  TEMP_DATA             00000140   00000040  00000006  0000003a  RW  
  SBUFFER               00000800   00000400  00000400  00000000  RW  
  SCALES                00001e00   00000200  00000200  00000000  RW  
  DATA                  00002000   00000800  00000800  00000000  RW  


SECTION ALLOCATION MAP

 output                                  attributes/
section   page    origin      length       input sections
--------  ----  ----------  ----------   ----------------
.vectors   0    00000080    00000080     
                  00000080    00000080     int_table.obj (.vectors)

.bl549     0    00000180    0000004d     
                  00000180    0000004d     bl549.obj (.bl549)

.sine_tab 
*          0    000001ce    000005ea     
                  000001ce    000005ea     c512.obj (.sine_tab)

.cbrev_p   0    000007b8    0000003d     
                  000007b8    0000003d     Cbrev32.obj (.cbrev_p)

.ad6620    0    00000c00    00000436     
                  00000c00    00000436     ad6620.obj (.ad6620)

.hann_tab 
*          0    00001036    00000400     
                  00001036    00000400     hann_q15.obj (.hann_tab)

.text      0    00001436    0000034d     
                  00001436    000001fb     ago_v0.obj (.text)
                  00001631    00000152     cfft_32.obj (.text)

.cfft_p    0    00001783    000000bd     
                  00001783    000000bd     c512.obj (.cfft_p)

.transfer_p 
*          0    00001840    00000093     
                  00001840    00000093     tabletransfer.obj (.transfer_p)

.scale_p   0    000018d3    00000087     
                  000018d3    00000087     scale.obj (.scale_p)

.log10_p   0    0000195a    0000005e     
                  0000195a    0000005e     log_10.obj (.log10_p)

.dpsm_p    0    000019b8    00000030     
                  000019b8    00000030     dpsm.obj (.dpsm_p)

.sercook_p 
*          0    000019e8    00000025     
                  000019e8    00000025     sercook.obj (.sercook_p)

.hann_p    0    00001a0d    00000022     
                  00001a0d    00000022     hannwin.obj (.hann_p)

.stack_v   1    00000100    00000040     UNINITIALIZED
                  00000100    00000040     ago_v0.obj (.stack_v)

.bss       1    00000140    00000006     UNINITIALIZED
                  00000140    00000004     cfft_32.obj (.bss)
                  00000144    00000002     ago_v0.obj (.bss)

.sbuff_v   1    00000800    00000400     UNINITIALIZED
                  00000800    00000400     ago_v0.obj (.sbuff_v)

.scale_v   1    00001e00    00000200     UNINITIALIZED
                  00001e00    00000200     ago_v0.obj (.scale_v)

.data_v    1    00002000    00000800     UNINITIALIZED
                  00002000    00000800     ago_v0.obj (.data_v)


GLOBAL SYMBOLS: SORTED ALPHABETICALLY BY Name 

address    name
--------   ----
00000140   .bss
00001436   .text
00000180   BOOTLOAD_START
00001436   RXDSP_START
00000140   Tempdw1
00000142   Tempdw2
ffffffff   ___binit__
00000140   ___bss__
ffffffff   ___c_args__
ffffffff   ___cinit__
00000146   ___end__
00001783   ___etext__
ffffffff   ___pinit__
00001436   ___text__
00000000   __lflags
000007b8   _cbrev32
00001783   _cfft32_512
00001934   _descale
00001036   _hann_table
00001a0d   _hann_window
0000195a   _log_10
0000190c   _log_prescale
000019e8   _serial_cook
000019b8   _sqmag
000018d3   _sqmag_prescale
000015b4   abu_fill_start
000015aa   abu_first_half
00001436   ago_main
ffffffff   binit
000001b0   blskipskip
00001597   bridge_data
00001483   buff_init_loop
00001571   centered
ffffffff   cinit
000015c6   dbg_transfer_skip
00001584   dp_end
00000146   end
000001c7   endboot
00001783   etext
0000174c   fftButterfly
00001631   fftStage1and2
0000169b   fftStage3
00001709   fftStageX
00001609   int_nmi
00001487   major_loop
00001902   norm_ovm
0000018b   par08_1
ffffffff   pinit
0000154b   post_ebs
000015f9   post_sleep
00001511   pre_abs
000014dc   pre_bit_rev
000014a4   pre_disc
0000153d   pre_ebs
000014e7   pre_fft
00001532   pre_log
00001524   pre_logps
000014ef   pre_move
000014ba   pre_read
000015f5   pre_sleep
0000151e   pre_sqmag
00001503   pre_sqscale
000014d6   pre_window
000015e0   rawdata_loop
00000c1c   rsp_clear
00000c07   rsp_init
00000c0e   rsp_mstart
00000c00   rsp_reset
00000c15   rsp_sstart
00001840   transfer
00000047   transfer_table_sz
000001c5   xfr08


GLOBAL SYMBOLS: SORTED BY Symbol Address 

address    name
--------   ----
00000000   __lflags
00000047   transfer_table_sz
00000140   .bss
00000140   Tempdw1
00000140   ___bss__
00000142   Tempdw2
00000146   ___end__
00000146   end
00000180   BOOTLOAD_START
0000018b   par08_1
000001b0   blskipskip
000001c5   xfr08
000001c7   endboot
000007b8   _cbrev32
00000c00   rsp_reset
00000c07   rsp_init
00000c0e   rsp_mstart
00000c15   rsp_sstart
00000c1c   rsp_clear
00001036   _hann_table
00001436   .text
00001436   RXDSP_START
00001436   ___text__
00001436   ago_main
00001483   buff_init_loop
00001487   major_loop
000014a4   pre_disc
000014ba   pre_read
000014d6   pre_window
000014dc   pre_bit_rev
000014e7   pre_fft
000014ef   pre_move
00001503   pre_sqscale
00001511   pre_abs
0000151e   pre_sqmag
00001524   pre_logps
00001532   pre_log
0000153d   pre_ebs
0000154b   post_ebs
00001571   centered
00001584   dp_end
00001597   bridge_data
000015aa   abu_first_half
000015b4   abu_fill_start
000015c6   dbg_transfer_skip
000015e0   rawdata_loop
000015f5   pre_sleep
000015f9   post_sleep
00001609   int_nmi
00001631   fftStage1and2
0000169b   fftStage3
00001709   fftStageX
0000174c   fftButterfly
00001783   ___etext__
00001783   _cfft32_512
00001783   etext
00001840   transfer
000018d3   _sqmag_prescale
00001902   norm_ovm
0000190c   _log_prescale
00001934   _descale
0000195a   _log_10
000019b8   _sqmag
000019e8   _serial_cook
00001a0d   _hann_window
ffffffff   ___binit__
ffffffff   ___c_args__
ffffffff   ___cinit__
ffffffff   ___pinit__
ffffffff   binit
ffffffff   cinit
ffffffff   pinit

[72 symbols]
