******************************************************************************
              TMS320C54x Linker PC v4.2.0                      
******************************************************************************
>> Linked Tue Jun 12 05:29:43 2012

OUTPUT FILE NAME:   <fft32test.out>
ENTRY POINT SYMBOL: "BOOTLOAD_START"  address: 00000180


MEMORY CONFIGURATION

         name            origin    length      used     unused   attr    fill
----------------------  --------  ---------  --------  --------  ----  --------
PAGE 0:
  INTR_TABLE            00000080   00000080  00000080  00000000  RW X
  PROG_ANNEX            00000180   00000680  00000671  0000000f  R IX
  PROG_MAIN             00000c00   00001400  00000c74  0000078c  R IX

PAGE 1:
  STACK                 00000100   00000040  00000040  00000000  RW  
  TEMP_DATA             00000140   00000040  00000006  0000003a  RW  
  SBUFFER               00000800   00000400  00000400  00000000  RW  
  DATA                  00002000   00000800  00000800  00000000  RW  


SECTION ALLOCATION MAP

 output                                  attributes/
section   page    origin      length       input sections
--------  ----  ----------  ----------   ----------------
.vectors   0    00000080    00000080     
                  00000080    00000080     int_table.obj (.vectors)

.bl549     0    00000180    0000004a     
                  00000180    0000004a     bl549.obj (.bl549)

.sine_tab 
*          0    000001ca    000005ea     
                  000001ca    000005ea     c512.obj (.sine_tab)

.cbrev_p   0    000007b4    0000003d     
                  000007b4    0000003d     Cbrev32.obj (.cbrev_p)

.ad6620    0    00000c00    00000436     
                  00000c00    00000436     ad6620.obj (.ad6620)

.hann_tab 
*          0    00001036    00000400     
                  00001036    00000400     hann_q15.obj (.hann_tab)

.text      0    00001436    000002a4     
                  00001436    00000152     cfft_32.obj (.text)
                  00001588    00000152     fft32test.obj (.text)

.cfft_p    0    000016da    000000bd     
                  000016da    000000bd     c512.obj (.cfft_p)

.log10_p   0    00001797    0000005e     
                  00001797    0000005e     log_10.obj (.log10_p)

.sercook_p 
*          0    000017f5    00000022     
                  000017f5    00000022     sercook.obj (.sercook_p)

.hann_p    0    00001817    00000020     
                  00001817    00000020     hannwin.obj (.hann_p)

.transfer_p 
*          0    00001837    00000011     
                  00001837    00000011     tabletransfer.obj (.transfer_p)

.dpsm_p    0    00001848    0000002c     
                  00001848    0000002c     dpsm.obj (.dpsm_p)

.stack_v   1    00000100    00000040     UNINITIALIZED
                  00000100    00000040     fft32test.obj (.stack_v)

.bss       1    00000140    00000006     UNINITIALIZED
                  00000140    00000004     cfft_32.obj (.bss)
                  00000144    00000002     fft32test.obj (.bss)

.sbuff_v   1    00000800    00000400     UNINITIALIZED
                  00000800    00000400     fft32test.obj (.sbuff_v)

.data_v    1    00002000    00000800     UNINITIALIZED
                  00002000    00000800     fft32test.obj (.data_v)


GLOBAL SYMBOLS: SORTED ALPHABETICALLY BY Name 

address    name
--------   ----
00000140   .bss
00001436   .text
00000180   BOOTLOAD_START
00001588   RXDSP_START
00000140   Tempdw1
00000142   Tempdw2
ffffffff   ___binit__
00000140   ___bss__
ffffffff   ___c_args__
ffffffff   ___cinit__
00000146   ___end__
000016da   ___etext__
ffffffff   ___pinit__
00001436   ___text__
00000000   __lflags
000007b4   _cbrev32
000016da   _cfft32_512
00001848   _dp_sqmag
00001036   _hann_table
00001817   _hann_window
00001797   _log_10
000017f5   _serial_cook
00001588   ago_main
ffffffff   binit
000001ad   blskipskip
0000166f   bridge_data
00001687   buff_clear_loop
000015d5   buff_init_loop
ffffffff   cinit
00000146   end
000001c4   endboot
000016da   etext
00001551   fftButterfly
00001436   fftStage1and2
000014a0   fftStage3
0000150e   fftStageX
000016b2   int_nmi
000015d9   major_loop
00000188   par08_1
ffffffff   pinit
00001630   pre_bit_rev
0000165d   pre_db
000015f8   pre_disc
0000163c   pre_fft
00001653   pre_log
00001649   pre_move
0000160e   pre_read
00001643   pre_sqmag
0000162a   pre_window
00000c1c   rsp_clear
00000c07   rsp_init
00000c0e   rsp_mstart
00000c00   rsp_reset
00000c15   rsp_sstart
00001837   transfer
000001c2   xfr08


GLOBAL SYMBOLS: SORTED BY Symbol Address 

address    name
--------   ----
00000000   __lflags
00000140   .bss
00000140   Tempdw1
00000140   ___bss__
00000142   Tempdw2
00000146   ___end__
00000146   end
00000180   BOOTLOAD_START
00000188   par08_1
000001ad   blskipskip
000001c2   xfr08
000001c4   endboot
000007b4   _cbrev32
00000c00   rsp_reset
00000c07   rsp_init
00000c0e   rsp_mstart
00000c15   rsp_sstart
00000c1c   rsp_clear
00001036   _hann_table
00001436   .text
00001436   ___text__
00001436   fftStage1and2
000014a0   fftStage3
0000150e   fftStageX
00001551   fftButterfly
00001588   RXDSP_START
00001588   ago_main
000015d5   buff_init_loop
000015d9   major_loop
000015f8   pre_disc
0000160e   pre_read
0000162a   pre_window
00001630   pre_bit_rev
0000163c   pre_fft
00001643   pre_sqmag
00001649   pre_move
00001653   pre_log
0000165d   pre_db
0000166f   bridge_data
00001687   buff_clear_loop
000016b2   int_nmi
000016da   ___etext__
000016da   _cfft32_512
000016da   etext
00001797   _log_10
000017f5   _serial_cook
00001817   _hann_window
00001837   transfer
00001848   _dp_sqmag
ffffffff   ___binit__
ffffffff   ___c_args__
ffffffff   ___cinit__
ffffffff   ___pinit__
ffffffff   binit
ffffffff   cinit
ffffffff   pinit

[56 symbols]
