TMS320C54x Assembler PC v4.2.0 Fri Aug 10 17:04:37 2012

Tools Copyright (c) 1996-2008 Texas Instruments Incorporated
hannwin.abs                                                          PAGE    1

      69 000000                 .text
      70                        .copy       "hannwin.asm"
 A     1              ****
 A     2              * Hann window function by Micah P. Dombrowski
 A     3              * 
 A     4              * Applies a Hann window, in-place, to Q.15 I/Q complex numbers
 A     5              ****
 A     6              
 A     7              * Inputs: data address in A, number of I/Q pairs in B
 A     8              
 A     9              * History
 A    10              * 
 A    11              * v1.0  1 June 2012     Extracted to separate asm file, set up as a CALLable function.
 A    12              *
 A    13              
 A    14                      .mmregs
 A    15                      .def    _hann_window
 A    16                      .ref    _hann_table
 A    17 001ad9               .sect   .hann_p
 A    18 001ad9       _hann_window
 A    19              
 A    20              ; Set up processor for fractional, signed math
 A    21 001ad9 4A06          pshm    ST0
 A    22 001ada 4A07          pshm    ST1
 A    23 001adb F7B6          ssbx    FRCT
 A    24 001adc F7B8          ssbx    SXM
 A    25 001add F7B9          ssbx    OVM
 A    26 001ade F6B7          rsbx    C16
 A    27 001adf F495          nop
 A    28 001ae0 F495          nop
 A    29                      
 A    30 001ae1 F310          sub     #1, B   ; BRC = N-1
         001ae2 0001 
 A    31 001ae3 891A          stlm    B, BRC
 A    32 001ae4 7710          stm     #2, AR0
         001ae5 0002 
 A    33 001ae6 8812          stlm    A, AR2
 A    34 001ae7 7713          stm     _hann_table, AR3
         001ae8 145A!
 A    35 001ae9 F495          nop
 A    36 001aea F495          nop
 A    37 001aeb F072          rptb    window_loop - 1
         001aec 1AF5+
 A    38                      
 A    39 001aed E800          ld      #0, A                   ; Acc <- 0
 A    40 001aee B401          macr    *AR2, *AR3, A           ; Acc <- round(I_n * win_n) (clears Acc[15:0])
 A    41 001aef F470          sfta    A, -16                  ; Acc <- Acc >> 16 (arithmetic shift)
 A    42 001af0 4E92          dst     A, *AR2+                ; double store Acc (increments by 2)
 A    43                      
 A    44 001af1 E800          ld      #0, A                   ; Acc <- 0
 A    45 001af2 B401          macr    *AR2, *AR3, A           ; Acc <- round(Q_n * win_n) (increment win_n)
 A    46 001af3 F470          sfta    A, -16
 A    47 001af4 4E92          dst     A, *AR2+
 A    48                      
 A    49 001af5 6DB3          mar     *AR3+0
TMS320C54x Assembler PC v4.2.0 Fri Aug 10 17:04:37 2012

Tools Copyright (c) 1996-2008 Texas Instruments Incorporated
hannwin.abs                                                          PAGE    2

 A    50 001af6       window_loop:
 A    51              
 A    52 001af6 8A07          popm    ST1
 A    53 001af7 8A06          popm    ST0
 A    54                      
 A    55 001af8 FE00          retd
 A    56 001af9 F495          nop
 A    57 001afa F495          nop
 A    58              
 A    59                      .end

No Assembly Errors, No Assembly Warnings
TMS320C54x Assembler PC v4.2.0 Fri Aug 10 17:04:37 2012

Tools Copyright (c) 1996-2008 Texas Instruments Incorporated
hannwin.abs                                                          PAGE    3

LABEL                                VALUE       DEFN    REF

.TMS320C540                         000000          0 
.TMS320C541                         000000          0 
.TMS320C541A                        000000          0 
.TMS320C542                         000001          0 
.TMS320C543                         000000          0 
.TMS320C544                         000000          0 
.TMS320C545                         000000          0 
.TMS320C545LP                       000000          0 
.TMS320C546                         000000          0 
.TMS320C546LP                       000000          0 
.TMS320C548                         000000          0 
.TMS320C549                         000000          0 
__TI_ASSEMBLER_VERSION__            3d10d0          0 
__far_mode                          000000          0 
__lflags                            000000          0 
__no_fret                           000000          0 
__stores_bug                        000000          0 
_hann_table                            REF             A  16  A  34 
_hann_window                        001ad9+     A  18  A  15 
window_loop                         001af6+     A  50  A  37 
