TMS320C54x Assembler PC v4.2.0 Fri Aug 10 16:38:52 2012

Tools Copyright (c) 1996-2008 Texas Instruments Incorporated
tableaverage.abs                                                     PAGE    1

      70 000000                 .text
      71                        .copy       "tableaverage.asm"
 A     1              ****
 A     2              * Frequency selection and averaging function by Nathan Utterback and Micah P. Dombrowski
 A     3              * 
 A     4              * Normalizes each 32-bit value using EXP and NORM, 
 A     5              * saving the shift values for later adjustment post-logarithm,
 A     6              * and cutting to 16-bit output
 A     7              ****
 A     8              
 A     9              * Inputs: start address of data Acc,
 A    10              *                 output address in Bcc
 A    11              
 A    12              * History
 A    13              * 
 A    14              * v1.0  9 Aug 2012      Averaging implemented
 A    15              * v1.0  8 Aug 2012      Copied from tabletransfer.asm
 A    16              *
 A    17              
 A    18        0003  avg_shift_val   .set    3       ; bits to right shift by after summing
 A    19              
 A    20                      .mmregs
 A    21                      .def    transfer, transfer_table_sz
 A    22 001917               .sect   .transfer_p
 A    23              
 A    24 000146               .bss    Delta,1,0,0  ; storage for repeat counter
 A    25 000147               .bss    nShift,1,0,0 ; storage for shift value
 A    26              
 A    27 001917       transfer:
 A    28              
 A    29 001917 4A06          pshm    ST0
 A    30 001918 4A07          pshm    ST1
 A    31              
 A    32 001919 4A16          pshm    AR6
 A    33                      
 A    34 00191a 8812          stlm    A, AR2
 A    35 00191b 8913          stlm    B, AR3
 A    36 00191c 7715          stm             transfer_table_start, AR5       ; load the start of the table into memory
         00191d 193A+
 A    37 00191e 7710          stm             transfer_table_end-1, AR0
         00191f 19A1+
 A    38              
 A    39                      
 A    40 001920       transfer_sum_loop:
 A    41              
 A    42 001920 4812          ldm             AR2, A          ; load base address
 A    43 001921 0095          add             *AR5+, A        ; add offset from table, inc
 A    44 001922 8814          stlm    A, AR4          ; store
 A    45                      
 A    46 001923 108D          ld              *AR5-, A        ; load next offset, dec
 A    47 001924 0895          sub             *AR5+, A        ; subtract current offset to get delta, inc
 A    48 001925 F010          sub             #1, A
         001926 0001 
 A    49 001927 80F8          stl             A, *(Delta)     ; store delta-1 for rpt
         001928 0146-
TMS320C54x Assembler PC v4.2.0 Fri Aug 10 16:38:52 2012

Tools Copyright (c) 1996-2008 Texas Instruments Incorporated
tableaverage.abs                                                     PAGE    2

 A    50                      
 A    51 001929 E900          ld              #0, B
 A    52 00192a 47F8          rpt             *(Delta)                ; repeat delta times
         00192b 0146-
 A    53 00192c 0194          add             *AR4+, B
 A    54                      
 A    55                      ; right shift by 3 bits to keep within our 8-bit range
 A    56 00192d FF44          xc              2, ANEQ
 A    57 00192e F3FD          sftl    B, #-3
 A    58 00192f F495          nop
 A    59                      
 A    60 001930 8193          stl             B, *AR3+        ; save
 A    61                      
 A    62 001931 F5AD          cmpr    LT, AR5
 A    63 001932 F830          bc              transfer_sum_loop, TC   ; loop until we finish the table
         001933 1920+
 A    64              
 A    65              
 A    66 001934 8A16          popm    AR6
 A    67              
 A    68 001935 8A07          popm    ST1
 A    69 001936 8A06          popm    ST0
 A    70                                      
 A    71 001937 FE00          retd
 A    72 001938 F495          nop
 A    73 001939 F495          nop
 A    74                      
 A    75 00193a       transfer_table_start:
 A    76 00193a 0019          .word   25, 33, 41, 49, 57, 65, 73, 81, 89, 97, 105
         00193b 0021 
         00193c 0029 
         00193d 0031 
         00193e 0039 
         00193f 0041 
         001940 0049 
         001941 0051 
         001942 0059 
         001943 0061 
         001944 0069 
 A    77              
 A    78 001945 0071          .word   113, 114, 115, 116, 117, 118, 119, 120, 121, 122, 123, 124, 125, 126, 127, 128, 129, 130 
         001946 0072 
         001947 0073 
         001948 0074 
         001949 0075 
         00194a 0076 
         00194b 0077 
         00194c 0078 
         00194d 0079 
         00194e 007A 
         00194f 007B 
         001950 007C 
         001951 007D 
         001952 007E 
         001953 007F 
TMS320C54x Assembler PC v4.2.0 Fri Aug 10 16:38:52 2012

Tools Copyright (c) 1996-2008 Texas Instruments Incorporated
tableaverage.abs                                                     PAGE    3

         001954 0080 
         001955 0081 
         001956 0082 
 A    79 001957 0083          .word   131, 132, 133, 134, 135, 136, 137, 138, 139, 140, 141, 142, 143, 144, 145, 146, 147, 148
         001958 0084 
         001959 0085 
         00195a 0086 
         00195b 0087 
         00195c 0088 
         00195d 0089 
         00195e 008A 
         00195f 008B 
         001960 008C 
         001961 008D 
         001962 008E 
         001963 008F 
         001964 0090 
         001965 0091 
         001966 0092 
         001967 0093 
         001968 0094 
 A    80 001969 0095          .word   149, 150, 151, 152, 153, 154, 155, 156, 157, 158, 159, 160, 161, 162, 163, 164, 165
         00196a 0096 
         00196b 0097 
         00196c 0098 
         00196d 0099 
         00196e 009A 
         00196f 009B 
         001970 009C 
         001971 009D 
         001972 009E 
         001973 009F 
         001974 00A0 
         001975 00A1 
         001976 00A2 
         001977 00A3 
         001978 00A4 
         001979 00A5 
 A    81              
 A    82 00197a 00A6          .word   166, 174, 182, 190, 198, 206, 214, 222, 230, 238, 246, 254, 262, 270, 278, 286, 294, 302 
         00197b 00AE 
         00197c 00B6 
         00197d 00BE 
         00197e 00C6 
         00197f 00CE 
         001980 00D6 
         001981 00DE 
         001982 00E6 
         001983 00EE 
         001984 00F6 
         001985 00FE 
         001986 0106 
         001987 010E 
         001988 0116 
         001989 011E 
TMS320C54x Assembler PC v4.2.0 Fri Aug 10 16:38:52 2012

Tools Copyright (c) 1996-2008 Texas Instruments Incorporated
tableaverage.abs                                                     PAGE    4

         00198a 0126 
         00198b 012E 
 A    83 00198c 0136          .word   310, 318, 326, 334, 342, 350, 358, 366, 374, 382, 390, 398, 406, 414, 422, 430, 438, 446
         00198d 013E 
         00198e 0146 
         00198f 014E 
         001990 0156 
         001991 015E 
         001992 0166 
         001993 016E 
         001994 0176 
         001995 017E 
         001996 0186 
         001997 018E 
         001998 0196 
         001999 019E 
         00199a 01A6 
         00199b 01AE 
         00199c 01B6 
         00199d 01BE 
 A    84 00199e 01C6          .word   454, 462, 470, 478
         00199f 01CE 
         0019a0 01D6 
         0019a1 01DE 
 A    85 0019a2       transfer_table_end:
 A    86              
 A    87        0068  transfer_table_sz       .set    transfer_table_end-transfer_table_start

No Assembly Errors, No Assembly Warnings
TMS320C54x Assembler PC v4.2.0 Fri Aug 10 16:38:52 2012

Tools Copyright (c) 1996-2008 Texas Instruments Incorporated
tableaverage.abs                                                     PAGE    5

LABEL                                VALUE       DEFN    REF

.TMS320C540                         000000          0 
.TMS320C541                         000000          0 
.TMS320C541A                        000000          0 
.TMS320C542                         000001          0 
.TMS320C543                         000000          0 
.TMS320C544                         000000          0 
.TMS320C545                         000000          0 
.TMS320C545LP                       000000          0 
.TMS320C546                         000000          0 
.TMS320C546LP                       000000          0 
.TMS320C548                         000000          0 
.TMS320C549                         000000          0 
Delta                               000146-     A  24  A  49  A  52 
__TI_ASSEMBLER_VERSION__            3d10d0          0 
__far_mode                          000000          0 
__lflags                            000000          0 
__no_fret                           000000          0 
__stores_bug                        000000          0 
avg_shift_val                       000003      A  18 
nShift                              000147-     A  25 
transfer                            001917+     A  27  A  21 
transfer_sum_loop                   001920+     A  40  A  63 
transfer_table_end                  0019a2+     A  85  A  37  A  87 
transfer_table_start                00193a+     A  75  A  36  A  87 
transfer_table_sz                   000068      A  87  A  21 
